Analyzing shopparva01-v1...                                     

warning - Unused import: 'dart:convert' - lib\src\repositories\product_repository.dart:1:8 - unused_import
warning - Unused import: '../repositories/user_repository.dart' - lib\src\screens\add_edit_address_screen.dart:6:8 - unused_import
warning - Unused import: '../repositories/user_repository.dart' - lib\src\screens\addresses_screen.dart:6:8 - unused_import
warning - The value of 'refresh' should be used - lib\src\screens\addresses_screen.dart:91:11 - unused_result
warning - The value of 'refresh' should be used - lib\src\screens\addresses_screen.dart:101:11 - unused_result
warning - The value of 'refresh' should be used - lib\src\screens\addresses_screen.dart:132:13 - unused_result
warning - The value of 'refresh' should be used - lib\src\screens\addresses_screen.dart:152:11 - unused_result
warning - Unused import: '../repositories/user_repository.dart' - lib\src\screens\edit_profile_screen.dart:6:8 - unused_import
warning - Unused import: 'search_screen.dart' - lib\src\screens\home_screen.dart:13:8 - unused_import
warning - The declaration '_remainingBudget' isn't referenced - lib\src\screens\make_my_kit_screen.dart:249:14 - unused_element
warning - Unused import: '../repositories/user_repository.dart' - lib\src\screens\orders_screen.dart:7:8 - unused_import
warning - Unused import: '../repositories/user_repository.dart' - lib\src\screens\preferences_screen.dart:6:8 - unused_import
warning - The value of 'refresh' should be used - lib\src\screens\preferences_screen.dart:29:11 - unused_result
   info - Use 'const' literals as arguments to constructors of '@immutable' classes - lib\src\screens\price_tracker_screen.dart:98:19 - prefer_const_literals_to_create_immutables
   info - Use 'const' literals as arguments to constructors of '@immutable' classes - lib\src\screens\price_tracker_screen.dart:324:27 - prefer_const_literals_to_create_immutables
   info - Use 'const' literals as arguments to constructors of '@immutable' classes - lib\src\screens\search_screen.dart:69:18 - prefer_const_literals_to_create_immutables
warning - The value of 'refresh' should be used - lib\src\screens\wishlist_screen.dart:109:11 - unused_result

flutter : 17 issues found. (ran in 7.5s)
At line:1 char:1
+ flutter analyze > errors.txt 2>&1
+ ~~~~~~~~~~~~~~~~~~~~~~~~~~~~~~~~~
    + CategoryInfo          : NotSpecified: (17 issues found. (ran in 7.5s):String) [], RemoteException
    + FullyQualifiedErrorId : NativeCommandError
 
